

================================================================
== Vivado HLS Report for 'envelope'
================================================================
* Date:           Mon Apr 29 23:29:37 2019

* Version:        2017.2 (Build 1909853 on Thu Jun 15 18:55:24 MDT 2017)
* Project:        Envelope_RTL
* Solution:       solution1
* Product family: zynq
* Target device:  xc7z100ffg900-1


================================================================
== Performance Estimates
================================================================
+ Timing (ns): 
    * Summary: 
    +--------+-------+----------+------------+
    |  Clock | Target| Estimated| Uncertainty|
    +--------+-------+----------+------------+
    |ap_clk  |  10.00|      8.23|        1.25|
    +--------+-------+----------+------------+

+ Latency (clock cycles): 
    * Summary: 
    +-----+-----+-----+-----+---------+
    |  Latency  |  Interval | Pipeline|
    | min | max | min | max |   Type  |
    +-----+-----+-----+-----+---------+
    |   46|   67|   47|   68|   none  |
    +-----+-----+-----+-----+---------+

    + Detail: 
        * Instance: 
        N/A

        * Loop: 
        N/A



================================================================
== Utilization Estimates
================================================================
* Summary: 
+-----------------+---------+-------+--------+--------+
|       Name      | BRAM_18K| DSP48E|   FF   |   LUT  |
+-----------------+---------+-------+--------+--------+
|DSP              |        -|      -|       -|       -|
|Expression       |        -|      -|     808|     892|
|FIFO             |        -|      -|       -|       -|
|Instance         |        0|      5|    2836|    4406|
|Memory           |        -|      -|       -|       -|
|Multiplexer      |        -|      -|       -|     535|
|Register         |        -|      -|    1083|       -|
+-----------------+---------+-------+--------+--------+
|Total            |        0|      5|    4727|    5833|
+-----------------+---------+-------+--------+--------+
|Available        |     1510|   2020|  554800|  277400|
+-----------------+---------+-------+--------+--------+
|Utilization (%)  |        0|   ~0  |   ~0   |       2|
+-----------------+---------+-------+--------+--------+

+ Detail: 
    * Instance: 
    +---------------------------+-------------------------+---------+-------+-----+-----+
    |          Instance         |          Module         | BRAM_18K| DSP48E|  FF | LUT |
    +---------------------------+-------------------------+---------+-------+-----+-----+
    |envelope_CTRL_BUS_s_axi_U  |envelope_CTRL_BUS_s_axi  |        0|      0|  220|  360|
    |envelope_fadd_32nbkb_U1    |envelope_fadd_32nbkb     |        0|      2|  205|  390|
    |envelope_fcmp_32nfYi_U7    |envelope_fcmp_32nfYi     |        0|      0|   66|  239|
    |envelope_fdiv_32ndEe_U3    |envelope_fdiv_32ndEe     |        0|      0|  761|  994|
    |envelope_fdiv_32ndEe_U4    |envelope_fdiv_32ndEe     |        0|      0|  761|  994|
    |envelope_fmul_32ncud_U2    |envelope_fmul_32ncud     |        0|      3|  143|  321|
    |envelope_sitofp_3eOg_U5    |envelope_sitofp_3eOg     |        0|      0|  340|  554|
    |envelope_sitofp_3eOg_U6    |envelope_sitofp_3eOg     |        0|      0|  340|  554|
    +---------------------------+-------------------------+---------+-------+-----+-----+
    |Total                      |                         |        0|      5| 2836| 4406|
    +---------------------------+-------------------------+---------+-------+-----+-----+

    * DSP48: 
    N/A

    * Memory: 
    N/A

    * FIFO: 
    N/A

    * Expression: 
    +--------------------------------+----------+-------+-----+----+------------+------------+
    |          Variable Name         | Operation| DSP48E|  FF | LUT| Bitwidth P0| Bitwidth P1|
    +--------------------------------+----------+-------+-----+----+------------+------------+
    |grp_fu_184_p2                   |     +    |      0|  101|  37|          32|           1|
    |tmp_12_fu_327_p2                |     +    |      0|  101|  37|          32|           1|
    |tmp_13_fu_333_p2                |     +    |      0|  101|  37|          32|           1|
    |tmp_31_fu_543_p2                |     +    |      0|  101|  37|          32|           1|
    |tmp_20_fu_443_p2                |     -    |      0|  101|  37|          32|          32|
    |tmp_26_fu_451_p2                |     -    |      0|  101|  37|          32|          32|
    |tmp_3_fu_207_p2                 |     -    |      0|  101|  37|          32|          32|
    |tmp_s_fu_289_p2                 |     -    |      0|  101|  37|          32|          32|
    |sel_tmp2_fu_460_p2              |    and   |      0|    0|   2|           1|           1|
    |sel_tmp3_fu_522_p2              |    and   |      0|    0|   2|           1|           1|
    |sel_tmp5_fu_534_p2              |    and   |      0|    0|   2|           1|           1|
    |sel_tmp8_fu_510_p2              |    and   |      0|    0|   2|           1|           1|
    |tmp2_fu_504_p2                  |    and   |      0|    0|   2|           1|           1|
    |tmp_33_fu_248_p2                |    and   |      0|    0|   2|           1|           1|
    |wave_in_V_0_load_A              |    and   |      0|    0|   2|           1|           1|
    |wave_in_V_0_load_B              |    and   |      0|    0|   2|           1|           1|
    |wave_out_V_1_load_A             |    and   |      0|    0|   2|           1|           1|
    |wave_out_V_1_load_B             |    and   |      0|    0|   2|           1|           1|
    |notlhs_fu_230_p2                |   icmp   |      0|    0|   4|           8|           2|
    |notrhs_fu_236_p2                |   icmp   |      0|    0|  13|          23|           1|
    |tmp_16_fu_415_p2                |   icmp   |      0|    0|  16|          32|          32|
    |tmp_19_fu_432_p2                |   icmp   |      0|    0|  16|          32|          32|
    |tmp_24_fu_447_p2                |   icmp   |      0|    0|  16|          32|          32|
    |tmp_25_fu_437_p2                |   icmp   |      0|    0|  16|          32|          32|
    |tmp_6_fu_264_p2                 |   icmp   |      0|    0|  16|          32|           1|
    |tmp_7_fu_270_p2                 |   icmp   |      0|    0|  16|          32|           1|
    |wave_in_V_0_state_cmp_full      |   icmp   |      0|    0|   1|           2|           1|
    |wave_out_V_1_state_cmp_full     |   icmp   |      0|    0|   1|           2|           1|
    |not_sel_tmp7_fu_481_p2          |    or    |      0|    0|   2|           1|           1|
    |not_sel_tmp_fu_498_p2           |    or    |      0|    0|   2|           1|           1|
    |or_cond1_fu_563_p2              |    or    |      0|    0|   2|           1|           1|
    |or_cond2_fu_567_p2              |    or    |      0|    0|   2|           1|           1|
    |or_cond_4_fu_275_p2             |    or    |      0|    0|   2|           1|           1|
    |or_cond_fu_559_p2               |    or    |      0|    0|   2|           1|           1|
    |releaseTime_flag_1_s_fu_379_p2  |    or    |      0|    0|   2|           1|           1|
    |sel_tmp13_demorgan_fu_487_p2    |    or    |      0|    0|   2|           1|           1|
    |sel_tmp6_demorgan_fu_471_p2     |    or    |      0|    0|   2|           1|           1|
    |tmp1_fu_374_p2                  |    or    |      0|    0|   2|           1|           1|
    |tmp_14_fu_365_p2                |    or    |      0|    0|   2|           1|           1|
    |tmp_30_fu_242_p2                |    or    |      0|    0|   2|           1|           1|
    |wait_flag_1_fu_539_p2           |    or    |      0|    0|   2|           1|           1|
    |releaseTime_loc_1_fu_345_p3     |  select  |      0|    0|  32|           1|          32|
    |releaseTime_loc_1_re_fu_392_p3  |  select  |      0|    0|  32|           1|          32|
    |releaseTime_new_1_fu_339_p3     |  select  |      0|    0|  32|           1|          32|
    |releaseTime_new_1_re_fu_385_p3  |  select  |      0|    0|  32|           1|          32|
    |resultAmplitude_5_fu_579_p3     |  select  |      0|    0|  32|           1|          32|
    |resultAmplitude_6_fu_586_p3     |  select  |      0|    0|  32|           1|          32|
    |resultAmplitude_7_fu_593_p3     |  select  |      0|    0|  32|           1|          32|
    |resultAmplitude_fu_600_p3       |  select  |      0|    0|  32|           1|          32|
    |sustainAmplitude_ass_fu_253_p3  |  select  |      0|    0|  32|           1|          30|
    |sustainTime_new_1_fu_352_p3     |  select  |      0|    0|  32|           1|          32|
    |sustainTime_new_1_tm_fu_399_p3  |  select  |      0|    0|  32|           1|          32|
    |time_load_s_fu_407_p3           |  select  |      0|    0|  32|           1|          32|
    |not_or_cond_fu_573_p2           |    xor   |      0|    0|   2|           1|           2|
    |not_tmp_7_fu_318_p2             |    xor   |      0|    0|   2|           1|           2|
    |not_tmp_s_fu_455_p2             |    xor   |      0|    0|   2|           1|           2|
    |sel_tmp1_fu_516_p2              |    xor   |      0|    0|   2|           1|           2|
    |sel_tmp4_fu_528_p2              |    xor   |      0|    0|   2|           1|           2|
    |sel_tmp_fu_465_p2               |    xor   |      0|    0|   2|           1|           1|
    |tmp_24_not_fu_475_p2            |    xor   |      0|    0|   2|           1|           2|
    |tmp_25_not_fu_493_p2            |    xor   |      0|    0|   2|           1|           2|
    |tmp_34_fu_359_p2                |    xor   |      0|    0|   2|           1|           2|
    |tmp_9_neg_fu_296_p2             |    xor   |      0|    0|  33|          32|          33|
    +--------------------------------+----------+-------+-----+----+------------+------------+
    |Total                           |          |      0|  808| 892|         559|         722|
    +--------------------------------+----------+-------+-----+----+------------+------------+

    * Multiplexer: 
    +-------------------------+-----+-----------+-----+-----------+
    |           Name          | LUT | Input Size| Bits| Total Bits|
    +-------------------------+-----+-----------+-----+-----------+
    |ap_NS_fsm                |  313|         69|    1|         69|
    |grp_fu_154_p0            |   15|          3|   32|         96|
    |grp_fu_154_p1            |   21|          4|   32|        128|
    |grp_fu_160_p0            |   27|          5|   32|        160|
    |grp_fu_160_p1            |   27|          5|   32|        160|
    |grp_fu_164_p0            |   15|          3|   32|         96|
    |grp_fu_173_p0            |   33|          6|   32|        192|
    |releaseTime_loc_reg_136  |    9|          2|   32|         64|
    |sustainTime_loc_reg_145  |    9|          2|   32|         64|
    |wave_in_V_0_data_out     |    9|          2|   32|         64|
    |wave_in_V_0_state        |   15|          3|    2|          6|
    |wave_in_V_TDATA_blk_n    |    9|          2|    1|          2|
    |wave_out_V_1_data_out    |    9|          2|   32|         64|
    |wave_out_V_1_state       |   15|          3|    2|          6|
    |wave_out_V_TDATA_blk_n   |    9|          2|    1|          2|
    +-------------------------+-----+-----------+-----+-----------+
    |Total                    |  535|        113|  327|       1173|
    +-------------------------+-----+-----------+-----+-----------+

    * Register: 
    +------------------------------+----+----+-----+-----------+
    |             Name             | FF | LUT| Bits| Const Bits|
    +------------------------------+----+----+-----+-----------+
    |ap_CS_fsm                     |  68|   0|   68|          0|
    |attackDuration_read_reg_636   |  32|   0|   32|          0|
    |attackSlope_reg_664           |  32|   0|   32|          0|
    |decayDuration_read_reg_629    |  32|   0|   32|          0|
    |decaySlope_reg_669            |  32|   0|   32|          0|
    |lastpress                     |  32|   0|   32|          0|
    |not_or_cond_reg_810           |   1|   0|    1|          0|
    |not_tmp_7_reg_718             |   1|   0|    1|          0|
    |or_cond_4_reg_689             |   1|   0|    1|          0|
    |press_read_reg_643            |  32|   0|   32|          0|
    |reg_189                       |  32|   0|   32|          0|
    |reg_195                       |  32|   0|   32|          0|
    |reg_201                       |  32|   0|   32|          0|
    |releaseDuration_read_reg_612  |  32|   0|   32|          0|
    |releaseSlope                  |  32|   0|   32|          0|
    |releaseTime                   |  32|   0|   32|          0|
    |releaseTime_flag_reg_123      |   1|   0|    1|          0|
    |releaseTime_loc_reg_136       |  32|   0|   32|          0|
    |resultAmplitude_7_reg_815     |  32|   0|   32|          0|
    |sel_tmp2_reg_778              |   1|   0|    1|          0|
    |sel_tmp3_reg_789              |   1|   0|    1|          0|
    |sel_tmp5_reg_795              |   1|   0|    1|          0|
    |sel_tmp8_reg_784              |   1|   0|    1|          0|
    |sustainAmplitude_ass_reg_674  |  32|   0|   32|          0|
    |sustainAmplitude_rea_reg_621  |  32|   0|   32|          0|
    |sustainTime                   |  32|   0|   32|          0|
    |sustainTime_loc_reg_145       |  32|   0|   32|          0|
    |sustainTime_new_1_tm_reg_733  |  32|   0|   32|          0|
    |time_load_s_reg_739           |  32|   0|   32|          0|
    |time_r                        |  32|   0|   32|          0|
    |tmp_16_reg_748                |   1|   0|    1|          0|
    |tmp_19_reg_756                |   1|   0|    1|          0|
    |tmp_20_reg_768                |  32|   0|   32|          0|
    |tmp_25_reg_762                |   1|   0|    1|          0|
    |tmp_26_reg_773                |  32|   0|   32|          0|
    |tmp_32_reg_659                |   1|   0|    1|          0|
    |tmp_36_reg_725                |  32|   0|   32|          0|
    |tmp_3_reg_649                 |  32|   0|   32|          0|
    |tmp_4_reg_654                 |  32|   0|   32|          0|
    |tmp_7_reg_681                 |   1|   0|    1|          0|
    |tmp_s_reg_703                 |  32|   0|   32|          0|
    |wait_flag_1_reg_801           |   1|   0|    1|          0|
    |wait_r                        |   1|   0|    1|          0|
    |wave_in_V_0_payload_A         |  32|   0|   32|          0|
    |wave_in_V_0_payload_B         |  32|   0|   32|          0|
    |wave_in_V_0_sel_rd            |   1|   0|    1|          0|
    |wave_in_V_0_sel_wr            |   1|   0|    1|          0|
    |wave_in_V_0_state             |   2|   0|    2|          0|
    |wave_out_V_1_payload_A        |  32|   0|   32|          0|
    |wave_out_V_1_payload_B        |  32|   0|   32|          0|
    |wave_out_V_1_sel_rd           |   1|   0|    1|          0|
    |wave_out_V_1_sel_wr           |   1|   0|    1|          0|
    |wave_out_V_1_state            |   2|   0|    2|          0|
    +------------------------------+----+----+-----+-----------+
    |Total                         |1083|   0| 1083|          0|
    +------------------------------+----+----+-----+-----------+



================================================================
== Interface
================================================================
* Summary: 
+------------------------+-----+-----+--------------+--------------+--------------+
|        RTL Ports       | Dir | Bits|   Protocol   | Source Object|    C Type    |
+------------------------+-----+-----+--------------+--------------+--------------+
|s_axi_CTRL_BUS_AWVALID  |  in |    1|     s_axi    |   CTRL_BUS   |    scalar    |
|s_axi_CTRL_BUS_AWREADY  | out |    1|     s_axi    |   CTRL_BUS   |    scalar    |
|s_axi_CTRL_BUS_AWADDR   |  in |    6|     s_axi    |   CTRL_BUS   |    scalar    |
|s_axi_CTRL_BUS_WVALID   |  in |    1|     s_axi    |   CTRL_BUS   |    scalar    |
|s_axi_CTRL_BUS_WREADY   | out |    1|     s_axi    |   CTRL_BUS   |    scalar    |
|s_axi_CTRL_BUS_WDATA    |  in |   32|     s_axi    |   CTRL_BUS   |    scalar    |
|s_axi_CTRL_BUS_WSTRB    |  in |    4|     s_axi    |   CTRL_BUS   |    scalar    |
|s_axi_CTRL_BUS_ARVALID  |  in |    1|     s_axi    |   CTRL_BUS   |    scalar    |
|s_axi_CTRL_BUS_ARREADY  | out |    1|     s_axi    |   CTRL_BUS   |    scalar    |
|s_axi_CTRL_BUS_ARADDR   |  in |    6|     s_axi    |   CTRL_BUS   |    scalar    |
|s_axi_CTRL_BUS_RVALID   | out |    1|     s_axi    |   CTRL_BUS   |    scalar    |
|s_axi_CTRL_BUS_RREADY   |  in |    1|     s_axi    |   CTRL_BUS   |    scalar    |
|s_axi_CTRL_BUS_RDATA    | out |   32|     s_axi    |   CTRL_BUS   |    scalar    |
|s_axi_CTRL_BUS_RRESP    | out |    2|     s_axi    |   CTRL_BUS   |    scalar    |
|s_axi_CTRL_BUS_BVALID   | out |    1|     s_axi    |   CTRL_BUS   |    scalar    |
|s_axi_CTRL_BUS_BREADY   |  in |    1|     s_axi    |   CTRL_BUS   |    scalar    |
|s_axi_CTRL_BUS_BRESP    | out |    2|     s_axi    |   CTRL_BUS   |    scalar    |
|ap_clk                  |  in |    1| ap_ctrl_none |   envelope   | return value |
|ap_rst_n                |  in |    1| ap_ctrl_none |   envelope   | return value |
|wave_in_V_TDATA         |  in |   32|     axis     |   wave_in_V  |    pointer   |
|wave_in_V_TVALID        |  in |    1|     axis     |   wave_in_V  |    pointer   |
|wave_in_V_TREADY        | out |    1|     axis     |   wave_in_V  |    pointer   |
|wave_out_V_TDATA        | out |   32|     axis     |  wave_out_V  |    pointer   |
|wave_out_V_TVALID       | out |    1|     axis     |  wave_out_V  |    pointer   |
|wave_out_V_TREADY       |  in |    1|     axis     |  wave_out_V  |    pointer   |
+------------------------+-----+-----+--------------+--------------+--------------+

